HumanMap-17-16-55
. . . . . . . . . . . . . . . . . . . . . . . . .
. . . . . . . . . . O . . . . . . . . . . . . . .
. . . . . . . . * . O O . . . . . . . . . . . . .
. . . . . . O O * * . . O . . . . . . . . . . . .
. . . . . O O O * * . . O O . . O O . . . . . . .
. . . . . . O O O * . O O O O O O O O . . . . . .
. O O O O O . O O * * O . . O O . . O . . O . . .
. O O O O . . O O * * * . . . . . . . . * * * O .
O O . O . . . . O . . * * * . . . . * * * * . O .
O . O . . . . * * . . . * * * * . . O * . . . . .
O O O * * * * * * * * O . . . * . O O O . . . . .
. . * * * * . . . . . O . . . O * * . . . O . . .
. . O . O O O . . O O . . . . . O O . . . O . . .
. . . . . . . O O . O . . . . O O O O O . . . . .
. . O . . . . . . . . . . . . O O . . . . . . . .
. . . . . . . . . . . . . O O . O . . . . . . . .
. . . . . . . . . . . . . O O . . . . . . . . . .
. . . . . . . . . . . . . . . . . . . . . . . . .
. . . . . . . . L L . . . . . . . . . . . . . . .
. . . . . . . . . . . . . . . . . . . . . . . . .
. . . . . . . . . . . . . . . . . . . . . . . . .
. . . . . . . . . . . . . . . . . . . . . . . . .
. . . . . . . . . . . . . . . . . . . . . . . . .
. . . . . . . . . . . . . . . . . . . . . . . . .
. . . . . . . . . . . . . . . . . . . . . . . . .

HumanMap-17-17-25
. . . . . . . . . . . . . . . . . . . . . . . . .
. . . . . . . . . . . . . . . . . . . . . . . . .
. . . . . . . . . . . . . . . . . . . . . . . . .
. . . . . . . . . . . . . . . . . . . . . . . . .
. . . . . . . . . . . . . . . . . . . . . . . . .
. . . . . . . . . . . . . . . . . . . . . . . . .
. . . . . . . . . . . . . . . . . . . . . . . . .
. . . . . . . . . . . . O . . . . . . . . . . . .
. . . . . . . . . . . O O O O . . . . . . . . . .
. . . . . . . . . . . . O O . . . . . . . . . . .
. . . . . . . . . . . . . . . . . O . . . . . . .
. . . . . . . . . . . . . . . . O O O . . . . . .
. . . . . . . . . . . . . . . . . O O . . . . . .
. . . . . . . . . . . . * * . . . O . . . . . . .
. . . . . . . . . . . . . . . . . . . . . . . . .
. . . . . . . . . . . . . . . . . . . . . . . . .
. . . . . . . . . . . . . . O . . . . . . . . . .
. . . . . . . . . . . . . . . . O . . . . . . . .
. . . . . . . . . . . . . . . . . . . . . . . . .
. . . . . . . . . . . . . . . . . . . . . . . . .
. . . . . . . . . . . . . . . . . . . . . . . . .
. . . . . . . . . . . . . . . . . . . . . . . . .
. . . . . . . . . . . . . . . . . . . . . . . . .
. . . . . . . . . . . . . . . . . . . . . . . . .
. . . . . . . . . . . . . . . . . . . . . . . . .

HumanMap-17-17-35
. . . . . . . . . . . . . . . . . . . . . . . . .
. . . . . . . . . . . . . . . . . . . . . . . . .
. . . . . . . . . . . . . . . . . . . . . . . . .
. . . . . . . . . . . . . . . . . . . . . . . . .
. . . . . . . . . . . . . . . . . . . . . . . . .
. . . . . . . . . . . . . O . . . . . . . . . . .
. . . . . . . . . . . . . O O O . . . . . . . . .
. . . . . . . . O . . . . . . . . . . . . . . . .
. . . . . . . O . . . O . . . . . . . . . . . . .
. . . . . . . O . . . . . . . . . . . . . . . . .
. . . . . O . . . . * * * . . . . O . . . . . . .
. . . . . . . . . . . . * . . . O O O . . . . . .
. . . . . . . . . . . . * . . . . O O . . . . . .
. . . . . . . . . . . . * * . . . O . . . . . . .
. . . . . . . . . . . . . . . . . . . . . . . . .
. . . . . . . . . . . . . . . . . . . . . . . . .
. . . . . . . . . . . . . . O . . . . . . . . . .
. . . . . . . . . . . . . . . . O . . . . . . . .
. . . . . . . . . . . . . . . . . . . . . . . . .
. . . . . . . . . . . . . . . . . . . . . . . . .
. . . . . . . . . . . . . . . . . . . . . . . . .
. . . . . . . . . . . . . . . . . . . . . . . . .
. . . . . . . . . . . . . . . . . . . . . . . . .
. . . . . . . . . . . . . . . . . . . . . . . . .
. . . . . . . . . . . . . . . . . . . . . . . . .

HumanMap-17-17-45
. . . . . . . . . . . . . . . . . . . . . . . . .
. . . . . . . . . . . . . . . . . . . . . . . . .
. . . . . . . . . . . . . . . . . . . . . . . . .
. . . . . . . . . . . . . . . . . . . . . . . . .
. . . . . . . . . . . . . . . . . . . . . . . . .
. . . . . . . . . . . . O O . . . . . . . . . . .
. . . . . . . . . . . O O O O O . . . . . . . . .
. . . . . . . O O . . . . . . . . . . . . . . . .
. . . . . . . O . . . . . . . . . . . . . . . . .
. . . . . . O O O . . * . . . . . . . . . . . . .
. . . . . O O . . . . * * . . . . O . . . . . . .
. . . . . . . . . . . . * . . . O O O . . . . . .
. . . . . . . . . . . . * . . . . O O . . . . . .
. . . . . . . . . . . . * * . . . O . . . . . . .
. . . . . . . . . . . . . . . . . . . . . . . . .
. . . . . . . . . . . . . . . . . . . . . . . . .
. . . . . . . . . . . . . . O . . . . . . . . . .
. . . . . . . . . . . . . . . . O . . . . . . . .
. . . . . . . . . . . . . . . . . . . . . . . . .
. . . . . . . . . . . . . . . . . . . . . . . . .
. . . . . . . . . . . . . . . . . . . . . . . . .
. . . . . . . . . . . . . . . . . . . . . . . . .
. . . . . . . . . . . . . . . . . . . . . . . . .
. . . . . . . . . . . . . . . . . . . . . . . . .
. . . . . . . . . . . . . . . . . . . . . . . . .

HumanMap-17-17-55
. . . . . . . . . . . . . . . . . . . . . . . . .
. . . . . . . . . . . . . . . . . . . . . . . . .
. . . . . . . . . . . . . . . . . . . . . . . . .
. . . . . . . . . . . . . . . . . . . . . . . . .
. . . . . . . . . . . . . . . . . . . . . . . . .
. . . . . . . . . . . . O O . . . . . . . . . . .
. . . . . . . . . . . O O * O O . . . . . . . . .
. . . . . . . O O . . * * * . . . . . . . . . . .
. . . . . . . O . . . * . . . . . . . . . . . . .
. . . . . . O O O . . * . . . . . . . . . . . . .
. . . . . O O . . . . * * . . . . O . . . . . . .
. . . . . . . . . . . . * . . . O O O . . . . . .
. . . . . . . . . . . . * . . . . O O . . . . . .
. . . . . . . . . . . . * * . . . O . . . . . . .
. . . . . . . . . . . . . . . . . . . . . . . . .
. . . . . . . . . . . . . . . . . . . . . . . . .
. . . . . . . . . . . . . . O . . . . . . . . . .
. . . . . . . . . . . . . . . . O . . . . . . . .
. . . . . . . . . . . . . . . . . . . . . . . . .
. . . . . . . . . . . . . . . . . . . . . . . . .
. . . . . . . . . . . . . . . . . . . . . . . . .
. . . . . . . . . . . . . . . . . . . . . . . . .
. . . . . . . . . . . . . . . . . . . . . . . . .
. . . . . . . . . . . . . . . . . . . . . . . . .
. . . . . . . . . . . . . . . . . . . . . . . . .

HumanMap-17-18-05
. . . . . . . . . . . . . . . . . . . . . . . . .
. . . . . . . . . . . . . . . . . . . . . . . . .
. . . . . . . . . . . . . * . . . . . . . . . . .
. . . . . . . . . . . . . * . . . . . . . . . . .
. . . . . . . . . . . . . * . . . . . . . . . . .
. . . . . . . . . . . . O * . . . . . . . . . . .
. . . . . . . . . . . O O * O O . . . . . . . . .
. . . . . . . O O . . * * * . . . . . . . . . . .
. . . . . . . O . . . * . . . . . . . . . . . . .
. . . . . . O O O . . * . . . . . . . . . . . . .
. . . . . O O . . . . * * . . . . O . . . . . . .
. . . . . . . . . . . . * . . . O O O . . . . . .
. . . . . . . . . . . . * . . . . O O . . . . . .
. . . L . . . . . . . . * * . . . O . . . . . . .
. . . . . . . . . . . . . . . . . . . . . . . . .
. . . . . . . . . . . . . . . . . . . . . . . . .
. . . . . . . . . . . . . . O . . . . . . . . . .
. . . . . . . . . . . . . . . . O . . . . . . . .
. . . . . . . . . . . . . . . . . . . . . . . . .
. . . . . . . . . . . . . . . . . . . . . . . . .
. . . . . . . . . . . . . . . . . . . . . . . . .
. . . . . . . . . . . . . . . . . . . . . . . . .
. . . . . . . . . . . . . . . . . . . . . . . . .
. . . . . . . . . . . . . . . . . . . . . . . . .
. . . . . . . . . . . . . . . . . . . . . . . . .

HumanMap-17-18-15
. . . . . . . . . . . . . . . . . . . . . . . . .
. . . . . . . . . . . . . . . . . . . . . . . . .
. . . . . . . . . . . . . * . . . . . . . . . . .
. . . . . . . . . . . . . * . . . . . . . . . . .
. . . . . . . . . . . . . * . . . . . . . . . . .
. . . . . . . . . . . . O * . . . . . . . . . . .
. . . . . . . . . . . O * * O O . . . . . . . . .
. . . . . . . O O . . * * * . . . . . . . . . . .
. . . . . . . O . . . * * . . . . . . . . . . . .
. . . . . . O O O . . * * . . . . . . . . . . . .
. . . . . O O . . . . * * . . . . O . . . . . . .
. . . . . . . . . . . . * . . . O O O . . . . . .
. . . . . . . . . O O . * . . . . O O . . . . . .
. . . L . . . . . . O . * * . . . O . . . . . . .
. . . . . . . . . . . . . . . . . . . . . . . . .
. . . . . . . . . . . . . . . . . . . . . . . . .
. . . . . . . . . . . . . . O . . . . . . . . . .
. . . . . . . . . . . . . . . . O . . . . . . . .
. . . . . . . . . . . . . . . . . . . . . . . . .
. . . . . . . . . . . . . . . . . . . . . . . . .
. . . . . . . . . . . . . . . . . . . . . . . . .
. . . . . . . . . . . . . . . . . . . . . . . . .
. . . . . . . . . . . . . . . . . . . . . . . . .
. . . . . . . . . . . . . . . . . . . . . . . . .
. . . . . . . . . . . . . . . . . . . . . . . . .

HumanMap-17-18-25
. . . . . . . . . . . . . . . . . . . . . . . . .
. . . . . . . . . . . . . . . . . . . . . . . . .
. . . . . . . . . . . . . * . . . . . . . . . . .
. . . . . . . . . . . . . * . . . . . . . . . . .
. . . . . . . . . . . . . * . . . . . . . . . . .
. . . . . . . . . . . . O * . . . . . . . . . . .
. . . . . . . . . . . O * * O O . . . . . . . . .
. . . . . . . O O . . * * * . . . . . . . . . . .
. . . . . . . O . . . * * . . . . . . . . . . . .
. . . . . . O O O . . * * . . . . . . . . . . . .
. . . . . O O . . . . * * . . . . O . . . . . . .
. . . . . . . . . . . * * . . . O O O . . . . . .
. . . . . . . . . O . * * . . . . O O . . . . . .
. . . L . . . . . . . * * * . . . O . . . . . . .
. . . . . . . O . O O . * . . . . . . . . . . . .
. . . . . . O . . . . * * . . . . . . . . . . . .
. . . . . . O O . . . * . . O . . . . . . . . . .
. . . . . . . . . . . . . . . . O . . . . . . . .
. . . . . . . . . . . . . . . . . . . . . . . . .
. . . . . . . . . . . . . . . . . . . . . . . . .
. . . . . . . . . . . . . . . . . . . . . . . . .
. . . . . . . . . . . . . . . . . . . . . . . . .
. . . . . . . . . . . . . . . . . . . . . . . . .
. . . . . . . . . . . . . . . . . . . . . . . . .
. . . . . . . . . . . . . . . . . . . . . . . . .

HumanMap-17-18-35
. . . . . . . . . . . . . . . . . . . . . . . . .
. . . . . . . . . . . . . . . . . . . . . . . . .
. . . . . . . . . . . . . * . . . . . . . . . . .
. . . . . . . . . . . . . * . . . . . . . . . . .
. . . . . . . . . . . . . * . . . . . . . . . . .
. . . . . . . . . . . . O * . . . . . . . . . . .
. . . . . . . . . . . O * * O O . . . . . . . . .
. . . . . . . O O . . * * * . . . . . . . . . . .
. . . . . . . O . . . * * . . . . . . . . . . . .
. . . . . . O O O . . * * . . . . . . . . . . . .
. . . . . O O . . . . * * . . . . O . . . . . . .
. . . . . . . . . . . * * . . . O O O . . . . . .
. . . . . . . . . O . * * . . . . O O . . . . . .
. . . L . . . . . . . * * * . . . O . . . . . . .
. . . . . . . O . O O . * . . . . . . . . . . . .
. . . . . . O . . . . * * . . . . . . . . . . . .
. . . . . . O . . . * * . . O . . . . . . . . . .
. . . . . O O . . * * . . . . . O . . . . . . . .
. . . . . . . . * * . . . . . . . . . . . . . . .
. . . . . . * * * . . . . . . . . . . . . . . . .
. . . . . . * . . . . . . . . . . . . . . . . . .
. . . . . . . . . . . . . . . . . . . . . . . . .
. . . . . . . . . . . . . . . . . . . . . . . . .
. . . . . . . . . . . . . . . . . . . . . . . . .
. . . . . . . . . . . . . . . . . . . . . . . . .

HumanMap-17-18-45
. . . . . . . . . . . . . . . . . . . . . . . . .
. . . . . . . . . . . . . . . . . . . . . . . . .
. . . . . . . . . . . . . * . . L . . . . . . . .
. . . . . . . . . . . . . * . . . . . . . . . . .
. . . . . . . . . . . . . * . . . . . . . . . . .
. . . . . . . . . . . . O * . . . . . . . . . . .
. . . . . . . . . . . O * * O O . . . . . . . . .
. . . . . . . O O . . * * * . . . . . . . . . . .
. . . . . . . O . . . * * . . . . . . . . . . . .
. . . . . . O O O . . * * . . . . . . . . . . . .
. . . . . O O . . . . * * . . . . O . . . . . . .
. . . O O O . . . . . * * . . . O O O . . . . . .
. . . . . . . . . O . * * . . . . O O . . . . . .
. . . . . . . . . . . * * * . . . O . . . . . . .
. . . . . . O O . O O . * . . . . . . . . . . . .
. . * * . . . O . . . * * . . . . . . . . . . . .
. . * * . . O . . . * * . . O . . . . . . . . . .
. . * * . O O . . * * . . . . . O . . . . . . . .
. . . * * . . . * * . . . . . . . . . . . . . . .
. . . . * * * * * . . . . . . . . . . . . . . . .
. . . . . * * . . . . . . . . . . . . . . . . . .
. . . . . . . . . . . . . . . . . . . . . . . . .
. . . . . . . . . . . . . . . . . . . . . . . . .
. . . . . . . . . . . . . . . . . . . . . . . . .
. . . . . . . . . . . . . . . . . . . . . . . . .

HumanMap-17-18-55
. . . . . . . . . . . . . . . . . . . . . . . . .
. . . . . . . . . . . . . . . . . . . . . . . . .
. . . . . . . . . . . . . * . . L . . . . . . . .
. . . . . . . . . . . . . * . . . . . . . . . . .
. . . . . . . . . . . . . * . . . . . . . . . . .
. . . . . . . . . . . . O * . . . . . . . . . . .
. . . . . . . . . . . O * * O O . . . . . . . . .
. . . . . . . O O . . * * * . . . . . . . . . . .
. . . . . . . O . . . * * . . . . . . . . . . . .
. . . . . . O O O . . * * . . . . . . . . . . . .
. . O O . O O . . . . * * . . . . O . . . . . . .
. O O . . O O . . . . * * . . . O O O . . . . . .
. . . . . . . . . O . * * . . . . O O . . . . . .
. . . . . O O . . . . * * * . . . O . . . . . . .
. . . . . . O O O O O . * . . . . . . . . . . . .
. . * * . . . O . . . * * . . . . . . . . . . . .
. . * * . . O . . . * * . . O . . . . . . . . . .
. . * * . O O . . * * . . . . . O . . . . . . . .
. . . * * . . . * * . . . . . . . . . . . . . . .
. . . . * * * * * . . . . . . . . . . . . . . . .
. . . . . * * . . . . . . . . . . . . . . . . . .
. . . . . . . . . . . . . . . . . . . . . . . . .
. . . . . . . . . . . . . . . . . . . . . . . . .
. . . . . . . . . . . . . . . . . . . . . . . . .
. . . . . . . . . . . . . . . . . . . . . . . . .

HumanMap-17-19-05
. . . . . . . . . . . . . . . . . . . . . . . . .
. . . . . . . . . . . . . . . . . . . . . . . . .
. . . . . . . . . . . . . * . . L . . . . . . . .
. . . . . . . . . . . . . * . . . . . . . . . . .
. . . . . . . . . . . . . * . . . . . . . . . . .
. . . . . . . . . . . . O * . . . . . . . . . . .
. . . . . . . . . . . O * * O O . . . . . . . . .
. . . . . . . O O . . * * * L . . . . . . . . . .
. . . . . . . O . . . * * . . . . . . . . . . . .
. . . . . . O O O . . * * . . . . . . . . . . . .
. . O O . O O . . . . * * . . . . O . . . . . . .
. O O . O . O . . . . * * . . . O O O . . . . . .
. O O O . . . . . O . * * . . . . O O . . . . . .
. . . . . O O * * . . * * * . . . O . . . . . . .
. . . . * * * * O O O . * . . . . . . . . . . . .
. . * * * . . . . O . * * . . . . . . . . . . . .
. . * * . . O . . . O * . . O . . . . . . . . . .
. . * * . O O . . * * . . . . . O . . . . . . . .
. . . * * . . . * * . . . . . . . . . . . . . . .
. . . . * * * * * . . . . . . . . . . . . . . . .
. . . . . * * . . . . . . . . . . . . . . . . . .
. . . . . . . . . . . . . . . . . . . . . . . . .
. . . . . . . . . . . . . . . . . . . . . . . . .
. . . . . . . . . . . . . . . . . . . . . . . . .
. . . . . . . . . . . . . . . . . . . . . . . . .

HumanMap-17-19-15
. . . . . . . . . . . . . . . . . . . . . . . . .
. . . . . . . . . . . . . . . . . . . . . . . . .
. . . . . . . . . . . . . * . . L . . . . . . . .
. . . . . . . . . . . . . * . . . . . . . . . . .
. . . . . . . . . . . . . * . . . . . . . . . . .
. . . . . . . . . . . . O * . . . . . . . . . . .
. . . . . . . . . . . O * * O O . . . . . . . . .
. . . . . . . O O . . * * * L . . . . . . . . . .
. . . . . . . O . . . * * . . . . . . . . . . . .
. . . . . . O O O . . * * . . . . . . . . . . . .
. . O O . O O . . . . * * . . . . O . . . . . . .
. O O . O . O . . . . * * . . . O O O . . . . . .
. O O O . . . . . O . * * . . . . O O . . . . . .
. . . . . O O * * * * * * * . . . O . . . . . . .
. . . . * * * * O O O * * . . . . . . . . . . . .
. . * * * . . O O . . . * . . . . . . . . . . . .
. . * * . . O O . . . . * . O . . . . . . . . . .
. . * * . O O . . * * . . . . . O . . . . . . . .
. . . * * . . . * * . . . . . . . . . . . . . . .
. . . . * * * * * . . O O . . . . . . . . . . . .
. . . . . * * . . O . O O . . . . . . . . . . . .
. . . . . . . . . . . . . . . . . . . . . . . . .
. . . . . . . . . . . . . . . . . . . . . . . . .
. . . . . . . . . . . . . . . . . . . . . . . . .
. . . . . . . . . . . . . . . . . . . . . . . . .

HumanMap-17-19-25
. . . . . . . . . . . . . . . . . . . . . . . . .
. . . . . . . . . . . . . . . . . . . . . . . . .
. . . . . . . . . . . . . * . . L . . . . . . . .
. . . . . . . . . . . . . * . . . . . . . . . . .
. . . . . . . . . . . . . * . . . . . . . . . . .
. . . . . . . . . . . . O * . . . . . . . . . . .
. . . . . . . . . . . O * * O O . . . . . . . . .
. . . . . . . O O . . * * * L . . . . . . . . . .
. . . . . . . O . . . * * . . . . . . . . . . . .
. . . . . . O O O . . * * . . . . . . . . . . . .
. . O O . O O . . . . * * . . . . O . . . . . . .
. O O . O . O . . . . * * . . . O O O . . . . . .
. O O O . . . O . O . * * . . . . O O . . . . . .
. . . . . O O * . . . * * * . . . O . . . . . . .
. . . . * * * * O . . . . * . . . . . . . . . . .
. . * * * . . O O O . . * . . . . . . . . . . . .
. . * * . . O O O . . . . . O . . . . . . . . . .
. . * * . O O . . * * . . . . . O . . . . . . . .
. . . * * . . . * * O O O . . . . . . . . . . . .
. . . . * * * * * . . O O . . . . . . . . . . . .
. . . . . * * . . O . O O . . . . . . . . . . . .
. . . . . . . . . . . . . . . . . . . . . . . . .
. . . . . . . . . . . . . . . . . . . . . . . . .
. . . . . . . . . . . . . . . . . . . . . . . . .
. . . . . . . . . . . . . . . . . . . . . . .   .

HumanMap-17-19-35
. . . . . . . . . . . . . . . . . . . . . . . . .
. . . . . . . . . . . . . . . . . . . . . . . . .
. . . . . . . . . . . . . * . . L . . . . . . . .
. . . . . . . . . . . . . * . . . . . . . . . . .
. . . . . . . . . . . . . * . . . . . . . . . . .
. . . . . . . . . . . . O * . . . . . . . . . . .
. . . . . . . . . . . O * * O O . . . . . . . . .
. . . . . . . O O . . * * * L . . . . . . . . . .
. . . . . . . O . . . * * . . . . . . . . . . . .
. . . . . . O O O . . * * . . . . . . . . . . . .
. . O O . O O . . . . * * . . . . O . . . . . . .
. O O . O . O . . . . * * . . . O O O . . . . . .
. O O O . . . O . O . * * . . . . O O . . . . . .
. . . . . O O * . . . * * * . . . O . . . . . . .
. . . . * * * * O . . . . * . . . . . . . . . . .
. . * * * O . . . . * * * . . . . . . . . . . . .
. . * * . . O . . * * . . . O . . . . . . . . . .
. . * * . O O O . * . . . . . . O . . . . . . . .
. . . * * . O . . . . . O . . . . . . . . . . . .
. . . . * * O * O O O O O . . . . . . . . . . . .
. . . . . * * . . O O O O . . . . . . . . . . . .
. . . . . . . . . . O . . . . . . . . . . . . . .
. . . . . . . . . . . . . . . . . . . . . . . . .
. . . . . . . . . . . . . . . . . . . . . . . . .
. . . . . . . . . . . . . . . . . . . . . . . . .

HumanMap-17-19-45
. . . . . . . . . . . . . . . . . . . . . . . . .
. . . . . . . . . . . . . . . . . . . . . . . . .
. . . . . . . . . . . . . * . . L . . . . . . . .
. . . . . . . . . . . . . * . . . . . . . . . . .
. . . . . . . . . . . . . * . . . . . . . . . . .
. . . . . . . . . . . . O * . . . . . . . . . . .
. . . . . . . . . . . O * * O O . . . . . . . . .
. . . . . . . O O . . * * * L . . . . . . . . . .
. . . . . . . O . . . * * . . . . . . . . . . . .
. . . . . . O O O . . * * . . . . . . . . . . . .
. . O O . O O . . . . * * . . . . O . . . . . . .
. O O . O . O . . . . * * . . . O O O . . . . . .
. O O O . . . O . O . * * . . . . O O . . . . . .
. . . . . O O * . . . * * * . . . O . . . . . . .
. . . * * * * * O . . . . * . . . . . . . . . . .
. . * * * * * . . . * * * . . . . . . . . . . . .
. . * * . . * * * * * . . . O . . . . . . . . . .
. . * * . O O O * * . . . . . . O . . . . . . . .
. . . * * . O . . . . . O . . . . . . . . . . . .
. . . . * * O * O O O O O . . . . . . . . . . . .
. . . . . * * . . O O O O . . . . . . . . . . . .
. . . . . . . . . . O . . . . . . . . . . . . . .
. . . . . . . . . . . . . . . . . . . . . . . . .
. . . . . . . . . . . . . . . . . . . . . . . . .
. . . . . . . . . . . . . . . . . . . . . . . . .

HumanMap-17-19-55
. . . . . . . . . . . . . . . . . . . . . . . . .
. . . . . . . . . . . . . . . . . . . . . . . . .
. . . . . . . . . . . . . * . . L . . . . . . . .
. . . . . . . . . . . . . L . . . . . . . . . . .
. . . . . . . . . . . . . * . . . . . . . . . . .
. . . . . . . . . . . . O * . . . . . . . . . . .
. . . . . . . . . . . O * * O O . . . . . . . . .
. . . . . . . O O . . * * * L . . . . . . . . . .
. . . . . . . O . . . * * . . . . . . . . . . . .
. . . . . . O O O . . * * . . . . . . . . . . . .
. . O O . O O . . . . * * . . . . O . . . . . . .
. O O . O . O . . . . * * . . . O O O . . . . . .
. O O O . . . O . O . * * . . . . O O . . . . . .
. . . * * * * * . . . * * * . . . O . . . . . . .
. . * * * . . . . . . . . * . . . . . . . . . . .
. . * * * * . . . . . O * . . . . . . . . . . . .
. . * * . . * . . O O O . . O . . . . . . . . . .
. . * * . O O O O O . . . . . . O . . . . . . . .
. . . * * . O . . . . . O . . . . . . . . . . . .
. . . . * * O * O O O O O . . . . . . . . . . . .
. . . . . * * . . O O O O . . . . . . . . . . . .
. . . . . . . . . . O . . . . . . . . . . . . . .
. . . . . . . . . . . . . . . . . . . . . . . . .
. . . . . . . . . . . . . . . . . . . . . . . . .
. . . . . . . . . . . . . . . . . . . . . . . . .

HumanMap-17-20-05
. . . . . . . . . . . . . . . . . . . . . . . . .
. . . . . . . . . . . . . . . . . . . . . . . . .
. . . . . . . . . . . . . * . . L . . . . . . . .
. . . . . . . . . . . . . L . . . . . . . . . . .
. . . . . . . . . . . . . * . . . . . . . . . . .
. . . . . . . . . . . . O * . . . . . . . . . . .
. . . . . . . . . . . O * * O O . . . . . . . . .
. . . . . . . O O . . * * * L . . . . . . . . . .
. . . . . . . O . . . * * . . . . . . . . . . . .
. . . . . . O O O . . * * . . . . . . . . . . . .
. . O O . O O . . . . * * . . . . O . . . . . . .
. O O . O . O . . . . * * . . . O O O . . . . . .
. O O O . . . O . O . * * . . . . O O . . . . . .
. . . * * * * * * * . * * * . . . O . . . . . . .
. . * * * . . . . * * . . * . . . . . . . . . . .
. . * * * * . . . . * * * . . . . . . . . . . . .
. . * * . . * . . . O * * . O . . . . . . . . . .
. . * * . O O O O O . . * . . . O . . . . . . . .
. . . * * . O . . . . . O . . . . . . . . . . . .
. . . . * * O * O O O O O . . . . . . . . . . . .
. . . . . * * . . O O O O . . . . . . . . . . . .
. . . . . . . . . . O . . . . . . . . . . . . . .
. . . . . . . . . . . . . . . . . . . . . . . . .
. . . . . . . . . . . . . . . . . . . . . . . . .
. . . . . . . . . . . . . . . . . . . . . . . . .

HumanMap-17-20-15
. . . . . . . . . . . . . . . . . . . . . . . . .
. . . . . . . . . . . . . . . . . . . . . . . . .
. . . . . . . . . . . . . * . . L . . . . . . . .
. . . . . . . . . . . . . L . . . . . . . . . . .
. . . . . . . . . . . . . * . . . . . . . . . . .
. . . . . . . . . . . . O * . . . . . . . . . . .
. . . . . . . . . . . O * * O O . . . . . . . . .
. . . . . . . O O . . * * * L . . . . . . . . . .
. . . . . . . O . . . * * . . . . . . . . . . . .
. . . . . . O O O . . * * . . . . . . . . . . . .
. . O O . O O . . . . * * . . . . O . . . . . . .
. O O . O . O . . . . * * . . . O O O . . . . . .
. O O O . . . O . O . * * . . . . O O . . . . . .
. . . * * * * * * * . * * * . . . O . . . . . . .
. . * * * . . . . * * . . * . . . . . . . . . . .
. . * * * * . . . . * * * . . . . . . . . . . . .
. . * * . . * . . . O * * . O . . . . . . . . . .
. . * * . O O O O O . . * * . . O . . . . . . . .
. . . * * . O . . . . . . * . . . . . . . . . . .
. . . . * * O * O . . . . * . . . . . . . . . . .
. . . . . * * . O . O O . * . . . . . . . . . . .
. . . . . . . . . . O . . . . . O O . . . . . . .
. . . . . . . . . . . . . . . O . . . . . . . . .
. . . . . . . . . O . O . . . . . . . . . . . . .
. . . . . . . . . O O . . . . . . . . . . . . . .

HumanMap-17-20-25
. . . . . . . . . . . . . . . . . . . . . . . . .
. . . . . . . . . . . . . . . . . . . . . . . . .
. . . . . . . . . . . . . * . . L . . . . . . . .
. . . . . . . . . . . . . L . . . . . . . . . . .
. . . . . . . . . . . . . * . . . . . . . . . . .
. . . . . . . . . . . . O * . . . . . . . . . . .
. . . . . . . . . . . O * * O O . . . . . . . . .
. . . . . . . O O . . * * * L . . . . . . . . . .
. . . . . . . O . . . * * . . . . . . . . . . . .
. . . . . . O O O . . * * . . . . . . . . . . . .
. . O O . O O . . . . * * . . . . O . . . . . . .
. O O . O . O . . . . * * . . . O O O . . . . . .
. O O O . . . O . O . * * . . . . O O . . . . . .
. . . * * * * * * * . * * * . . . O . . . . . . .
. . * * * . . . . * * . . * . . . . . . . . . . .
. . * * * * . . . . * * * . . . . . . . . . . . .
. . * * . . * . . . O * * . O . . . . . . . . . .
. . * * . O O O O O . . * * . . O . . . . . . . .
. . . * * . O . . . . . . * . . . . . . . . . . .
. . . . * * O * O . . . * * . . . . . . . . . . .
. . . . . * * . O . O O * * . . . . . . . . . . .
. . . . . . . . . . O . . * * . O O . . . . . . .
. . . . . . . . . . . . . . * O . . . . . . . . .
. . . . . . . . . O . . . . . . . . . . . . . . .
. . . . . . . . . O O . . . . . . . . . . . . . .

HumanMap-17-20-35
. . . . . . . . . . . . . . . . . . . . . . . . .
. . . . . . . . . . . . . . . . . . . . . . . . .
. . . . . . . . . . . . . * . . L . . . . . . . .
. . . . . . . . . . . . . L . . . . . . . . . . .
. . . . . . . . . . . . . * . . . . . . . . . . .
. . . . . . . . . . . . O * . . . . . . . . . . .
. . . . . . . . . . . O * * O O . . . . . . . . .
. . . . . . . O O . . * * * L . . . . . . . . . .
. . . . . . . O . . . * * . . . . . . . . . . . .
. . . . . . O O O . . * * . . . . . . . . . . . .
. . O O . O O . . . . * * . . . . O . . . . . . .
. O O . O . O . . . . * * . . . O O O . . . . . .
. O O O . . O O . O . * * . . . . O O . . . . . .
. . . * * * . . * * . * * * . . . O . . . . . . .
. . * * * . . . . * * . . * . . . . . . . . . . .
. . * * * * . . . . * * * . . . . . . . . . . . .
. . * * . . * * * * O * * . O . . . . . . . . . .
. . * * . O O O O * * * * * . . O . . . . . . . .
. . . * * . O . . . . * * * . . . . . . . . . . .
. . . . * * O * O . . . * * . . . . . . . . . . .
. . . . . * * . O . O O * * . . . . . . . . . . .
. . . . . . . . . . O . . * * . O O . . . . . . .
. . . . . . . . . . . . . . * O . . . . . . . . .
. . . . . . . . . O . . . . . . . . . . . . . . .
. . . . . . . . . O O . . . . . . . . . . . . . .

HumanMap-17-20-40
. . . . . . . . . . . . . . . . . . . . . . . . .
. . . . . . . . . . . . . . . . . . . . . . . . .
. . . . . . . . . . . . . * . . L . . . . . . . .
. . . . . . . . . . . . . L . . . . . . . . . . .
. . . . . . . . . . . . . * . . . . . . . . . . .
. . . . . . . . . . . . O * . . . . . . . . . . .
. . . . . . . . . . . O * * O O . . . . . . . . .
. . . . . . . O O . . * * * L . . . . . . . . . .
. . . . . . . O . . . * * . . . . . . . . . . . .
. . . . . . O O O . . * * . . . . . . . . . . . .
. . O O . O O . . . . * * . . . . O . . . . . . .
. O O . O . O . . . . * * . . . O O O . . . . . .
. O O O . . O O . O . * * . . . . O O . . . . . .
. . . * * * . . * * . * * * . . . O . . . . . . .
. . * * * . . . . * * . . * . . . . . . . . . . .
. . * * * * . * . . * * * . . . . . . . . . . . .
. . * * . . * * * * O * * . O . . . . . . . . . .
. . * * . O O O O * * * * * . . O . . . . . . . .
. . . * * . O . . . . * * * . . . . . . . . . . .
. . . . * * O * O . . . * * . . . . . . . . . . .
. . . . . * * . O . O O * * . . . . . . . . . . .
. . . . . . . . . . O . . * * . O O . . . . . . .
. . . . . . . . . . . . . . * O . . . . . . . . .
. . . . . . . . . O . . . . . . . . . . . . . . .
. . . . . . . . . O O . . . . . . . . . . . . . .

