HumanMap-17-11-18
. . . . . . . . O . . . . . . . . . . . . . . . .
. . . . . . . . . . . . . . . . . . . . . . . . .
. . . . . . . . . . . . L . . . . . . . . . . . .
. . . . . . . . . . . L L . . . . . . . . . . . .
. . . . . . O . . . . * . . . . . . . . . . . . .
. . . . . . . O . . * * * * . . . . . . . . . . .
. . . . O O . . . . * L . * * L L . . . . . . . .
. . . O O . . . . . . L . . * L O O . . . . . . .
. . . . . . . . . . . L L * * . . L . . . . . . .
. . . . . . . O O . . . * * . . L L . . . . . . .
. . O O . L L . . O O * * . . L . . . . . . . . .
. O O * * L * . . . L * . . . . . . . . . . . . .
. . * * * L * * * L L O * . . . . . . . . . . . .
. O O . * L L * * L . * . . . . . . . . . . . . .
. O O . . . L L L * * . . . . . . . . . . . . . .
. O O O . . O . O O * . . . . . . . . . . . . . .
. . . O . . O * O * * O . . . . . . . . . . . . .
. . . O O . . * * * * O . . . . . . . . . . . . .
. . . . O O * * * * . O . . . . . . . . . . . . .
. . . . . . O * * . . O O O . . . . . . . . . . .
. . O . . . . . . . . . O . . . . . . . . . . . .
. . . O . . . . . . . . . . . . . . . . . . . . .
. . . . O O . . . . . . . . . . . . . . . . . . .
. . . . . . . . . . . . . . . . . . . . . . . . .
. . . . . . . . . . . . . . . . . . . . . . . . .

HumanMap-17-11-40
. . . . . . . . . . . . . . . . . . . . . . . . .
. . . . . . . . . . . . . . . . . . . . . . . . .
. . . . . . . . . . . . . . . . . . . . . . . . .
. . . . . . . . . . . . . . . . . . . . . . . . .
. . . . . . . . . . . . . . . . . . . . . . . . .
. . . . . . . . . . . . . . . . . . . . . . . . .
. . . . . . . . . . . . . . . . . . . . . . . . .
. . . . . . . . . . . . . . . . . . . . . . . . .
. . . . . . . . . . . . . . . O . . . . . . . . .
. . . . . . . . . . . . . . . . . . . . . . . . .
. . . . . . . . . . . . . . . . . . . . . . . . .
. . . . . . . . . . . . . . . * . O . . . . . . .
. . . . . . . . . . . . * * * * O O . . . . . . .
. . . . . . . . . . . . . . . . O O . . . . . . .
. . . . . . . . . . . . . . O . O . . . . . . . .
. . . . . . . . . . . . . . . . O . . . . . . . .
. . . . . . . . . . . . . . . . . . . . . . . . .
. . . . . . . . . . . . . . . . . . . . . . . . .
. . . . . . . . . . . . . . . . . . . . . . . . .
. . . . . . . . . . . . . . . . . . . . . . . . .
. . . . . . . . . . . . . . . . . . . . . . . . .
. . . . . . . . . . . . . . . . . . . . . . . . .
. . . . . . . . . . . . . . . . . . . . . . . . .
. . . . . . . . . . . . . . . . . . . . . . . . .
. . . . . . . . . . . . . . . . . . . . . . . . .

HumanMap-17-11-49
. . . . . . . . . . . . . . . . . . . . . . . . .
. . . . . . . . . . . . . . . . . . . . . . . . .
. . . . . . . . . . . . . . . . . . . . . . . . .
. . . . . . . . . . . . . . . . . . . . . . . . .
. . . . . . . . . . . . . . . . . . . . . . . . .
. . . . . . . . . . . . . . . . . . . . . . . . .
. . . . . . . . . . . . . . . . . . . . . O . . .
. . . . . . . . . . . . . . . . . . . . * O O O .
. . . . . . . . . . . . . . . O . . * * * . . O .
. . . . . . . . . . . . . . . . . . * . . . . . .
. . . . . . . . . . . . . . . . . * * . . . . . .
. . . . . . . . . . . . . . . * * * . . . O . . .
. . . . . . . . . . . . * * * * O O . . . O . . .
. . . . . . . . . . . . . . . . O O . . . . . . .
. . . . . . . . . . . . . . O . O . . . . . . . .
. . . . . . . . . . . . . . . . O . . . . . . . .
. . . . . . . . . . . . . . . . . . . . . . . . .
. . . . . . . . . . . . . . . . . . . . . . . . .
. . . . . . . . L L . . . . . . . . . . . . . . .
. . . . . . . . . . . . . . . . . . . . . . . . .
. . . . . . . . . . . . . . . . . . . . . . . . .
. . . . . . . . . . . . . . . . . . . . . . . . .
. . . . . . . . . . . . . . . . . . . . . . . . .
. . . . . . . . . . . . . . . . . . . . . . . . .
. . . . . . . . . . . . . . . . . . . . . . . . .

HumanMap-17-11-59
. . . . . . . . . . . . . . . . . . . . . . . . .
. . . . . . . . . . . . . . . . . . . . . . . . .
. . . . . . . . . . . . . . . . . . . . . . . . .
. . . . . . . . . . . . . . . . . . . . . . . . .
. . . . . . . . . . . . . . . . . . . . . . . . .
. . . . . . . . . . . . . . . . . . . . . . . . .
. . . . . . . . . . . . . . . . . . . . . O . . .
. . . . . . . . . . . . . . . . . . . . * * * O .
. . . . . . . . . . . . . . . O . . * * * * . O .
. . . . . . . . . . . . . . . . . . * * . . . . .
. . . . . . . . . . . . . . . . . * * . . . . . .
. . . . . . . . . . . . . . . * * * . . . O . . .
. . . . . . . . . . . . * * * * O O . . . O . . .
. . . . . . . . . . . . . . . . O O O O . . . . .
. . . . . . . . . . . . . . O . O . . . . . . . .
. . . . . . . . . . . . . . . . O . . . . . . . .
. . . . . . . . . . . . . . . . . . . . . . . . .
. . . . . . . . . . . . . . . . . . . . . . . . .
. . . . . . . . L L . . . . . . . . . . . . . . .
. . . . . . . . . . . . . . . . . . . . . . . . .
. . . . . . . . . . . . . . . . . . . . . . . . .
. . . . . . . . . . . . . . . . . . . . . . . . .
. . . . . . . . . . . . . . . . . . . . . . . . .
. . . . . . . . . . . . . . . . . . . . . . . . .
. . . . . . . . . . . . . . . . . . . . . . . . .

HumanMap-17-12-09
. . . . . . . . . . . . . . . . . . . . . . . . .
. . . . . . . . . . . . . . . . . . . . . . . . .
. . . . . . . . . . . . . . . . . . . . . . . . .
. . . . . . . . . . . . . . . . . . . . . . . . .
. . . . . . . . . . . . . . . . . . . . . . . . .
. . . . . . . . . . . . . . . . . . . . . . . . .
. . . . . . . . . . . . . . . . . . . . . O . . .
. . . . . . . . . . . . . . . . . . . . * * * O .
. . . . . . . . . . . . . . . O . . * * * * . O .
. . . . . . . . . . . . . . . . . . * * . . . . .
. . . . . . . . . . . . . . . * * * * . . . . . .
. . . . . . . . . . . . . . . * * * . . . O . . .
. . . . . . . . . . O O . . * . O O . . . O . . .
. . . . . . . . . . . . . . . . O O O O . . . . .
. . . . . . . . . . . . . . . . O . . . . . . . .
. . . . . . . . . . . . . . . . O . . . . . . . .
. . . . . . . . . . . . . . O . . . . . . . . . .
. . . . . . . . . . . . . . . . . . . . . . . . .
. . . . . . . . L L . . . . . . . . . . . . . . .
. . . . . . . . . . . . . . . . . . . . . . . . .
. . . . . . . . . . . . . . . . . . . . . . . . .
. . . . . . . . . . . . . . . . . . . . . . . . .
. . . . . . . . . . . . . . . . . . . . . . . . .
. . . . . . . . . . . . . . . . . . . . . . . . .
. . . . . . . . . . . . . . . . . . . . . . . . .

HumanMap-17-12-19
. . . . . . . . . . . . . . . . . . . . . . . . .
. . . . . . . . . . . . . . . . . . . . . . . . .
. . . . . . . . . . . . . . . . . . . . . . . . .
. . . . . . . . . . . . . . . . . . . . . . . . .
. . . . . . . . . . . . . . . . . . . . . . . . .
. . . . . . . . . . . . . . . . . . . . . . . . .
. . . . . . . . . . . . . . . . . . . . . O . . .
. . . . . . . . . . . . . . . . . . . . * * * O .
. . . . . . . . . . . . . . . O . . * * * * . O .
. . . . . . . . . . . . . . . . . . * * . . . . .
. . . . . . . . . . O . . . . * * * * . . . . . .
. . . . . . . . . . O O . . . * * * . . . O . . .
. . . . . . . . . O O . . . . . O O . . . O . . .
. . . . . . . . . . O . . . . . O O O O . . . . .
. . . . . . . . . . . . . . O . O . . . . . . . .
. . . . . . . . . . . . . O O . O . . . . . . . .
. . . . . . . . . . . . . O O . . . . . . . . . .
. . . . . . . . . . . . . . . . . . . . . . . . .
. . . . . . . . L L . . . . . . . . . . . . . . .
. . . . . . . . . . . . . . . . . . . . . . . . .
. . . . . . . . . . . . . . . . . . . . . . . . .
. . . . . . . . . . . . . . . . . . . . . . . . .
. . . . . . . . . . . . . . . . . . . . . . . . .
. . . . . . . . . . . . . . . . . . . . . . . . .
. . . . . . . . . . . . . . . . . . . . . . . . .

HumanMap-17-12-29
. . . . . . . . . . . . . . . . . . . . . . . . .
. . . . . . . . . . . . . . . . . . . . . . . . .
. . . . . . . . . . . . . . . . . . . . . . . . .
. . . . . . . . . . . . . . . . . . . . . . . . .
. . . . . . . . . . . . . . . . . . . . . . . . .
. . . . . . . . . . . . . . . . . . . . . . . . .
. . . . . . . . . . . . . . . . . . . . . O . . .
. . . . . . . . . . . . . . . . . . . . * * * O .
. . . . . . . . . . . O . . . O . . * * * * . O .
. . . . . . . . . . . * . . . . . . * * . . . . .
. . . . . . . . . . O * * * . * * * * . . . . . .
. . . . . . . . . O O O . * * * * * . . . O . . .
. . . . . . . . . O O . . . . . O O . . . O . . .
. . . . . . . . . . O . . . . . O O O O . . . . .
. . . . . . . . . . . . . . O . O . . . . . . . .
. . . . . . . . . . . . . O O . O . . . . . . . .
. . . . . . . . . . . . . O O . . . . . . . . . .
. . . . . . . . . . . . . . . . . . . . . . . . .
. . . . . . . . L L . . . . . . . . . . . . . . .
. . . . . . . . . . . . . . . . . . . . . . . . .
. . . . . . . . . . . . . . . . . . . . . . . . .
. . . . . . . . . . . . . . . . . . . . . . . . .
. . . . . . . . . . . . . . . . . . . . . . . . .
. . . . . . . . . . . . . . . . . . . . . . . . .
. . . . . . . . . . . . . . . . . . . . . . . . .

HumanMap-17-12-39
. . . . . . . . . . . . . . . . . . . . . . . . .
. . . . . . . . . . . . . . . . . . . . . . . . .
. . . . . . . . . . . O . . . . . . . . . . . . .
. . . . . . . . . . . O . . . . . . . . . . . . .
. . . . . . . . . . . . O O . . . . . . . . . . .
. . . . . . . . . . . . . . O O . . . . . . . . .
. . . . . . . . . . * . . . . . . . . . . O . . .
. . . . . . . . . . * . . . . . . . . . * * * O .
. . . . . . . . . . . * . . . O . . * * * * . O .
. . . . . . . . . . . * . . . . . . * * . . . . .
. . . . . . . . . . O * * * . * * * * . . . . . .
. . . . . . . . . O O O . * * * * * . . . O . . .
. . . . . . . . . O O . . . . . O O . . . O . . .
. . . . . . . . . . O . . . . . O O O O . . . . .
. . . . . . . . . . . . . . O . O . . . . . . . .
. . . . . . . . . . . . . O O . O . . . . . . . .
. . . . . . . . . . . . . O O . . . . . . . . . .
. . . . . . . . . . . . . . . . . . . . . . . . .
. . . . . . . . L L . . . . . . . . . . . . . . .
. . . . . . . . . . . . . . . . . . . . . . . .
. . . . . . . . . . . . . . . . . . . . . . . . .
. . . . . . . . . . . . . . . . . . . . . . . . .
. . . . . . . . . . . . . . . . . . . . . . . . .
. . . . . . . . . . . . . . . . . . . . . . . . .
. . . . . . . . . . . . . . . . . . . . . . . . .

HumanMap-17-12-49
. . . . . . . . . . . . . . . . . . . . . . . . .
. . . . . . . . . . O . . . . . . . . . . . . . .
. . . . . . . . . O O O . . . . . . . . . . . . .
. . . . . . O O . . . O O . . . . . . . . . . . .
. . . . . . . O . . . . O O . . . . . . . . . . .
. . . . . . O . . . . . O . O O . . . . . . . . .
. . . . . . O . . . . . . . . . . . . . . O . . .
. . . . . O . . . . * * . . . . . . . . * * * O .
. . . . . O . . . . * * . . . O . . * * * * . O .
. . . . . . . . . . . * . . . . . . * * . . . . .
. . . . . . . . . . O * * * . * * * * . . . . . .
. . . . . . . . . O O O . * * * * * . . . O . . .
. . . . . . . . . O O . . . . . O O . . . O . . .
. . . . . . . . . . O . . . . . O O O O . . . . .
. . . . . . . . . . . . . . O . O . . . . . . . .
. . . . . . . . . . . . . O O . O . . . . . . . .
. . . . . . . . . . . . . O O . . . . . . . . . .
. . . . . . . . . . . . . . . . . . . . . . . . .
. . . . . . . . L L . . . . . . . . . . . . . . .
. . . . . . . . . . . . . . . . . . . . . . . . .
. . . . . . . . . . . . . . . . . . . . . . . . .
. . . . . . . . . . . . . . . . . . . . . . . . .
. . . . . . . . . . . . . . . . . . . . . . . . .
. . . . . . . . . . . . . . . . . . . . . . . . .
. . . . . . . . . . . . . . . . . . . . . . . . .

HumanMap-17-12-59
. . . . . . . . . . . . . . . . . . . . . . . . .
. . . . . . . . . . O . . . . . . . . . . . . . .
. . . . . . . . . O O O . . . . . . . . . . . . .
. . . . . . O O . . . O O . . . . . . . . . . . .
. . . . . . . O . . . . O O . . . . . . . . . . .
. . . . . . O . . . . . O . O O . . . . . . . . .
. . O . . . O . . . . . . . . . . . . . . O . . .
. O O O . O . . . . * * . . . . . . . . * * * O .
. . . . . . . . * * * * . . . O . . * * * * . O .
. . . . . . * * * . . * . . . . . . * * . . . . .
. . . O . . . . . . O * * * . * * * * . . . . . .
. . . O . . . . . O O O . * * * * * . . . O . . .
. . . . O O O . . O O . . . . . O O . . . O . . .
. . . . . . . O O . O . . . . . O O O O . . . . .
. . . . . . . . . . . . . . O . O . . . . . . . .
. . . . . . . . . . . . . O O . O . . . . . . . .
. . . . . . . . . . . . . O O . . . . . . . . . .
. . . . . . . . . . . . . . . . . . . . . . . . .
. . . . . . . . L L . . . . . . . . . . . . . . .
. . . . . . . . . . . . . . . . . . . . . . . . .
. . . . . . . . . . . . . . . . . . . . . . . . .
. . . . . . . . . . . . . . . . . . . . . . . . .
. . . . . . . . . . . . . . . . . . . . . . . . .
. . . . . . . . . . . . . . . . . . . . . . . . .
. . . . . . . . . . . . . . . . . . . . . . . . .

HumanMap-17-13-09
. . . . . . . . . . . . . . . . . . . . . . . . .
. . . . . . . . . . O . . . . . . . . . . . . . .
. . . . . . . . . O O O . . . . . . . . . . . . .
. . . . . . O O . . . O O . . . . . . . . . . . .
. . . . . . . O . . . . O O . . . . . . . . . . .
. . . . . . O O O . . . O . O O . . . . . . . . .
. . O . O O . . O . . . . . . . . . . . . O . . .
. O O . . . . . O O * * . . . . . . . . * * * O .
. . O . . . * . . O * * . . . O . . * * * * . O .
. . O . . . * * . O . * . . . . . . * * . . . . .
. . O . . . . . . . O * * * . * * * * . . . . . .
. . . O . . . . . O O O . * * * * * . . . O . . .
. . . . O O O . . O O . . . . . O O . . . O . . .
. . . . . . . O O . O . . . . . O O O O . . . . .
. . . . . . . . . . . . . . O . O . . . . . . . .
. . . . . . . . . . . . . O O . O . . . . . . . .
. . . . . . . . . . . . . O O . . . . . . . . . .
. . . . . . . . . . . . . . . . . . . . . . . . .
. . . . . . . . L L . . . . . . . . . . . . . . .
. . . . . . . . . . . . . . . . . . . . . . . . .
. . . . . . . . . . . . . . . . . . . . . . . . .
. . . . . . . . . . . . . . . . . . . . . . . . .
. . . . . . . . . . . . . . . . . . . . . . . . .
. . . . . . . . . . . . . . . . . . . . . . . . .
. . . . . . . . . . . . . . . . . . . . . . . . .

HumanMap-17-13-19
. . . . . . . . . . . . . . . . . . . . . . . . .
. . . . . . . . . . O . . . . . . . . . . . . . .
. . . . . . . . . O O O . . . . . . . . . . . . .
. . . . . . O O . . . O O . . . . . . . . . . . .
. . . . . O O O . . . . O O . . . . . . . . . . .
. . . . . . . O O . . . O . O O . . . . . . . . .
. . O . O . . O O . . . . . . . . . . . . O . . .
. O O O O . . . O O * * . . . . . . . . * * * O .
. . O O . . . . . O * * . . . O . . * * * * . O .
. . O . . . * * . O . * . . . . . . * * . . . . .
. O O . . . . . . . O * * * . * * * * . . . . . .
. . . O . . . . . O O O . * * * * * . . . O . . .
. . . . O O O . . O O . . . . . O O . . . O . . .
. . . . . . . O O . O . . . . . O O O O . . . . .
. . . . . . . . . . . . . . O . O . . . . . . . .
. . . . . . . . . . . . . O O . O . . . . . . . .
. . . . . . . . . . . . . O O . . . . . . . . . .
. . . . . . . . . . . . . . . . . . . . . . . . .
. . . . . . . . L L . . . . . . . . . . . . . . .
. . . . . . . . . . . . . . . . . . . . . . . . .
. . . . . . . . . . . . . . . . . . . . . . . . .
. . . . . . . . . . . . . . . . . . . . . . . . .
. . . . . . . . . . . . . . . . . . . . . . . . .
. . . . . . . . . . . . . . . . . . . . . . . . .
. . . . . . . . . . . . . . . . . . . . . . . . .

HumanMap-17-13-29
. . . . . . . . . . . . . . . . . . . . . . . . .
. . . . . . . . . . O . . . . . . . . . . . . . .
. . . . . . . . . O O O . . . . . . . . . . . . .
. . . . . . O O . . . O O . . . . . . . . . . . .
. . . . . O O O . . . . O O . . . . . . . . . . .
. . . . . . . . O . . . O . O O . . . . . . . . .
. . O . O O . O O . . . . . . . . . . . . O . . .
. O O O . . . . O O * * . . . . . . . . * * * O .
. . O O . . . . . O * * . . . O . . * * * * . O .
. . O . . . * * . O . * . . . . . . * * . . . . .
. O O O . . . . . . O * * * . * * * * . . . . . .
. . . O . . . . . O O O . * * * * * . . . O . . .
. . . . O O O . . O O . . . . . O O . . . O . . .
. . . . . . . O O . O . . . . . O O O O . . . . .
. . . . . . . . . . . . . . O . O . . . . . . . .
. . . . . . . . . . . . . O O . O . . . . . . . .
. . . . . . . . . . . . . O O . . . . . . . . . .
. . . . . . . . . . . . . . . . . . . . . . . . .
. . . . . . . . L L . . . . . . . . . . . . . . .
. . . . . . . . . . . . . . . . . . . . . . . . .
. . . . . . . . . . . . . . . . . . . . . . . . .
. . . . . . . . . . . . . . . . . . . . . . . . .
. . . . . . . . . . . . . . . . . . . . . . . . .
. . . . . . . . . . . . . . . . . . . . . . . . .
. . . . . . . . . . . . . . . . . . . . . . . . .

HumanMap-17-13-39
. . . . . . . . . . . . . . . . . . . . . . . . .
. . . . . . . . . . O . . . . . . . . . . . . . .
. . . . . . . . . O O O . . . . . . . . . . . . .
. . . . . . O O . . . O O . . . . . . . . . . . .
. . . . . O O O . . . . O O . . . . . . . . . . .
. . . . . . . . O . . . O . O O . . . . . . . . .
. . O . O O . O O . . . . . . . . . . . . O . . .
. O O O . . . . O O * * . . . . . . . . * * * O .
. . O O . . . . . O * * . . . O . . * * * * . O .
. . O . . . * * . O . * . . . . . . * * . . . . .
. O O O . . . . . . O * * * . * * * * . . . . . .
. . . O . . . . . O O O . * * * * * . . . O . . .
. . . . O O O . . O O . . . . . O O . . . O . . .
. . . . . . . O O . O . . . . . O O O O . . . . .
. . . . . . . . . . . . . . O . O . . . . . . . .
. . . . . . . . . . . . . O O . O . . . . . . . .
. . . . . . . . . . . . . O O . . . . . . . . . .
. . . . . . . . . . . . . . . . . . . . . . . . .
. . . . . . . . L L . . . . . . . . . . . . . . .
. . . . . . . . . . . . . . . . . . . . . . . . .
. . . . . . . . . . . . . . . . . . . . . . . . .
. . . . . . . . . . . . . . . . . . . . . . . . .
. . . . . . . . . . . . . . . . . . . . . . . . .
. . . . . . . . . . . . . . . . . . . . . . . . .
. . . . . . . . . . . . . . . . . . . . . . . . .

HumanMap-17-13-49
. . . . . . . . . . . . . . . . . . . . . . . . .
. . . . . . . . . . O . . . . . . . . . . . . . .
. . . . . . . . . O O O . . . . . . . . . . . . .
. . . . . . O O . . . O O . . . . . . . . . . . .
. . . . . O O O . . . . O O . . . . . . . . . . .
. . . . . . . . O . . . O . O O . . . . . . . . .
. . O . O O . O O . . . . . . . . . . . . O . . .
. O . O . . . . O O * * . . . . . . . . * * * O .
. O O . . . . . . O * * . . . O . . * * * * . O .
. . . . . * * * . O . * . . . . . . * * . . . . .
. O O . . . * . . . O * * * . * * * * . . . . . .
. . O O . . . . . O O O . * * * * * . . . O . . .
. . . . O O O . . O O . . . . . O O . . . O . . .
. . . . . . . O O . O . . . . . O O O O . . . . .
. . . . . . . . . . . . . . O . O . . . . . . . .
. . . . . . . . . . . . . O O . O . . . . . . . .
. . . . . . . . . . . . . O O . . . . . . . . . .
. . . . . . . . . . . . . . . . . . . . . . . . .
. . . . . . . . L L . . . . . . . . . . . . . . .
. . . . . . . . . . . . . . . . . . . . . . . . .
. . . . . . . . . . . . . . . . . . . . . . . . .
. . . . . . . . . . . . . . . . . . . . . . . . .
. . . . . . . . . . . . . . . . . . . . . . . . .
. . . . . . . . . . . . . . . . . . . . . . . . .
. . . . . . . . . . . . . . . . . . . . . . . . .

HumanMap-17-13-59
. . . . . . . . . . . . . . . . . . . . . . . . .
. . . . . . . . . . O . . . . . . . . . . . . . .
. . . . . . . . . O O O . . . . . . . . . . . . .
. . . . . . O O . . . O O . . . . . . . . . . . .
. . . . . O O O . . . . O O . . . . . . . . . . .
. . . . . . O O O . . . O . O O . . . . . . . . .
. O O O O O . O O . . . . . . . . . . . . O . . .
. O O . O . . O O O * * . . . . . . . . * * * O .
O O . . . . . . . O * * . . . O . . * * * * . O .
. O . . . . . * . O . * . . . . . . * * . . . . .
. O O . . * * . . . O * * * . * * * * . . . . . .
. . O O . . . . . O O O . * * * * * . . . O . . .
. . . O O O O . . O O . . . . . O O . . . O . . .
. . . . . . . O O . O . . . . . O O O O . . . . .
. . . . . . . . . . . . . . O . O . . . . . . . .
. . . . . . . . . . . . . O O . O . . . . . . . .
. . . . . . . . . . . . . O O . . . . . . . . . .
. . . . . . . . . . . . . . . . . . . . . . . . .
. . . . . . . . L L . . . . . . . . . . . . . . .
. . . . . . . . . . . . . . . . . . . . . . . . .
. . . . . . . . . . . . . . . . . . . . . . . . .
. . . . . . . . . . . . . . . . . . . . . . . . .
. . . . . . . . . . . . . . . . . . . . . . . . .
. . . . . . . . . . . . . . . . . . . . . . . . .
. . . . . . . . . . . . . . . . . . . . . . . . .

HumanMap-17-14-09
. . . . . . . . . . . . . . . . . . . . . . . . .
. . . . . . . . . . O . . . . . . . . . . . . . .
. . . . . . . . . O O O . . . . . . . . . . . . .
. . . . . . O O . . . O O . . . . . . . . . . . .
. . . . . O O O . . . . O O . . . . . . . . . . .
. . . . . . O O O . . . O . O O . . . . . . . . .
. O O O O O . O O . . . . . . . . . . . . O . . .
. O O O O . . O O O * * . . . . . . . . * * * O .
O O . O . . . . . O * * . . . O . . * * * * . O .
O . O . . . . * . O . * . . . . . . * * . . . . .
O O O . . * * . . . O * * * . * * * * . . . . . .
. . O . . . . . . O O O . * * * * * . . . O . . .
. . O O O O O . . O O . . . . . O O . . . O . . .
. . . . . . . O O . O . . . . . O O O O . . . . .
. . . . . . . . . . . . . . O . O . . . . . . . .
. . . . . . . . . . . . . O O . O . . . . . . . .
. . . . . . . . . . . . . O O . . . . . . . . . .
. . . . . . . . . . . . . . . . . . . . . . . . .
. . . . . . . . L L . . . . . . . . . . . . . . .
. . . . . . . . . . . . . . . . . . . . . . . . .
. . . . . . . . . . . . . . . . . . . . . . . . .
. . . . . . . . . . . . . . . . . . . . . . . . .
. . . . . . . . . . . . . . . . . . . . . . . . .
. . . . . . . . . . . . . . . . . . . . . . . . .
. . . . . . . . . . . . . . . . . . . . . . . . .

HumanMap-17-14-19
. . . . . . . . . . . . . . . . . . . . . . . . .
. . . . . . . . . . O . . . . . . . . . . . . . .
. . . . . . . . . O O L . . . . . . . . . . . . .
. . . . . . O O . . . O O . . . . . . . . . . . .
. . . . . O O O . . . . O O . . . . . . . . . . .
. . . . . . O O O . . . O . O O . . . . . . . . .
. O O O O O . O O . . . . . . . . . . . . O . . .
. O O O O . . O O O * * . . . . . . . . * * * O .
O O . O . . . . . O * * . . . O . . * * * * . O .
O . O . . . . * . O . * . . . . . . * * . . . . .
O O O * * * * . . . O * * * . * * * * . . . . . .
. . * * * * . . . O O O . * * * * * . . . O . . .
. . O . O O O . . O O . . . . . O O . . . O . . .
. . . . . . . O O . O . . . . . O O O O . . . . .
. . O . . . . . . . . . . . O . O . . . . . . . .
. . . . . . . . . . . . . O O . O . . . . . . . .
. . . . . . . . . . . . . O O . . . . . . . . . .
. . . . . . . . . . . . . . . . . . . . . . . . .
. . . . . . . . L L . . . . . . . . . . . . . . .
. . . . . . . . . . . . . . . . . . . . . . . . .
. . . . . . . . . . . . . . . . . . . . . . . . .
. . . . . . . . . . . . . . . . . . . . . . . . .
. . . . . . . . . . . . . . . . . . . . . . . . .
. . . . . . . . . . . . . . . . . . . . . . . . .
. . . . . . . . . . . . . . . . . . . . . . . . .

HumanMap-17-14-29
. . . . . . . . . . . . . . . . . . . . . . . . .
. . . . . . . . . . O . . . . . . . . . . . . . .
. . . . . . . . . O O L . . . . . . . . . . . . .
. . . . . . O O . . . O O . . . . . . . . . . . .
. . . . . O O O . . . . O O . . . . . . . . . . .
. . . . . . O O O . . . O . O O . . . . . . . . .
. O O O O O . O O . . . . . . . . . . . . O . . .
. O O O O . . O O O * * . . O . . . . . * * * O .
O O . O . . . . . O * * . . O O . . * * * * . O .
O . O . . . . * * . . . . . . O . . * * . . . . .
O O O * * * * * * * * . . . . O * * * . . . . . .
. . * * * * . . . . . * . . . O * * . . . O . . .
. . O . O O O . . O O . . . . . O O . . . O . . .
. . . . . . . O O . O . . . . . O O O O . . . . .
. . O . . . . . . . . . . . O . O . . . . . . . .
. . . . . . . . . . . . . O O . O . . . . . . . .
. . . . . . . . . . . . . O O . . . . . . . . . .
. . . . . . . . . . . . . . . . . . . . . . . . .
. . . . . . . . L L . . . . . . . . . . . . . . .
. . . . . . . . . . . . . . . . . . . . . . . . .
. . . . . . . . . . . . . . . . . . . . . . . . .
. . . . . . . . . . . . . . . . . . . . . . . . .
. . . . . . . . . . . . . . . . . . . . . . . . .
. . . . . . . . . . . . . . . . . . . . . . . . .
. . . . . . . . . . . . . . . . . . . . . . . . .

HumanMap-17-14-39
. . . . . . . . . . . . . . . . . . . . . . . . .
. . . . . . . . . . O . . . . . . . . . . . . . .
. . . . . . . . . O O L . . . . . . . . . . . . .
. . . . . . O O . . . O O . . . . . . . . . . . .
. . . . . O O O . . . . O O . . . . . . . . . . .
. . . . . . O O O . . . O . O O . . . . . . . . .
. O O O O O . O O . . . . . . . . . . . . O . . .
. O O O O . . O O O * * . . O . . . . . * * * O .
O O . O . . . . . O * * . O O O . . * * * * . O .
O . O . . . . * * . . . . * * . . . * * . . . . .
O O O * * * * * * * * . * * . O . O O O . . . . .
. . * * * * . . . . . * * . . O * * . . . O . . .
. . O . O O O . . O O . . . . . O O . . . O . . .
. . . . . . . O O . O . . . . O O O O O . . . . .
. . O . . . . . . . . . . . . O O . . . . . . . .
. . . . . . . . . . . . . O O . O . . . . . . . .
. . . . . . . . . . . . . O O . . . . . . . . . .
. . . . . . . . . . . . . . . . . . . . . . . . .
. . . . . . . . L L . . . . . . . . . . . . . . .
. . . . . . . . . . . . . . . . . . . . . . . . .
. . . . . . . . . . . . . . . . . . . . . . . . .
. . . . . . . . . . . . . . . . . . . . . . . . .
. . . . . . . . . . . . . . . . . . . . . . . . .
. . . . . . . . . . . . . . . . . . . . . . . . .
. . . . . . . . . . . . . . . . . . . . . . . . .

HumanMap-17-14-49
. . . . . . . . . . . . . . . . . . . . . . . . .
. . . . . . . . . . O . . . . . . . . . . . . . .
. . . . . . . . . O O L . . . . . . . . . . . . .
. . . . . . O O . . . O O . . . . . . . . . . . .
. . . . . O O O . . . . O O . . O O . . . . . . .
. . . . . . O O O . . O O . O O O O O . . . . . .
. O O O O O . O O . . O . . O O . . O . . O . . .
. O O O O . . O O O * . . . O . . . . . * * * O .
O O . O . . . . . O * * . . . . . . * * * * . O .
O . O . . . . * * . . . . * . . . . O * . . . . .
O O O * * * * * * * * . * * * * . O O O . . . . .
. . * * * * . . . . . * * . . O * * . . . O . . .
. . O . O O O . . O O . . . . . O O . . . O . . .
. . . . . . . O O . O . . . . O O O O O . . . . .
. . O . . . . . . . . . . . . O O . . . . . . . .
. . . . . . . . . . . . . O O . O . . . . . . . .
. . . . . . . . . . . . . O O . . . . . . . . . .
. . . . . . . . . . . . . . . . . . . . . . . . .
. . . . . . . . L L . . . . . . . . . . . . . . .
. . . . . . . . . . . . . . . . . . . . . . . . .
. . . . . . . . . . . . . . . . . . . . . . . . .
. . . . . . . . . . . . . . . . . . . . . . . . .
. . . . . . . . . . . . . . . . . . . . . . . . .
. . . . . . . . . . . . . . . . . . . . . . . . .
. . . . . . . . . . . . . . . . . . . . . . . . .

HumanMap-17-14-59
. . . . . . . . . . . . . . . . . . . . . . . . .
. . . . . . . . . . O . . . . . . . . . . . . . .
. . . . . . . . . O O L . . . . . . . . . . . . .
. . . . . . O O . . . O O . . . . . . . . . . . .
. . . . . O O O . . . . O O . . O O . . . . . . .
. . . . . . O O O . . O O O O O O O O . . . . . .
. O O O O O . O O . . O . . O O . . O . . O . . .
. O O O O . . O O O O . . . . . . . . . * * * O .
O O . O . . . . . O O O . * . . . . * * * * . O .
O . O . . . . * * . . O O * * * . . O * . . . . .
O O O * * * * * * * * O . . . * . O O O . . . . .
. . * * * * . . . . . O . . . O * * . . . O . . .
. . O . O O O . . O O . . . . . O O . . . O . . .
. . . . . . . O O . O . . . . O O O O O . . . . .
. . O . . . . . . . . . . . . O O . . . . . . . .
. . . . . . . . . . . . . O O . O . . . . . . . .
. . . . . . . . . . . . . O O . . . . . . . . . .
. . . . . . . . . . . . . . . . . . . . . . . . .
. . . . . . . . L L . . . . . . . . . . . . . . .
. . . . . . . . . . . . . . . . . . . . . . . . .
. . . . . . . . . . . . . . . . . . . . . . . . .
. . . . . . . . . . . . . . . . . . . . . . . . .
. . . . . . . . . . . . . . . . . . . . . . . . .
. . . . . . . . . . . . . . . . . . . . . . . . .
. . . . . . . . . . . . . . . . . . . . . . . . .

HumanMap-17-15-09
. . . . . . . . . . . . . . . . . . . . . . . . .
. . . . . . . . . . O . . . . . . . . . . . . . .
. . . . . . . . . O O L . . . . . . . . . . . . .
. . . . . . O O . . . O O . . . . . . . . . . . .
. . . . . O O O . . . . O O . . O O . . . . . . .
. . . . . . O O O . . O O O O O O O O . . . . . .
. O O O O O . O O . . O . . O O . . O . . O . . .
. O O O O . . O O O * * . . . . . . . . * * * O .
O O . O . . . . O . . * * * . . . . * * * * . O .
O . O . . . . * * . . . * * * * . . O * . . . . .
O O O * * * * * * * * O . . . * . O O O . . . . .
. . * * * * . . . . . O . . . O * * . . . O . . .
. . O . O O O . . O O . . . . . O O . . . O . . .
. . . . . . . O O . O . . . . O O O O O . . . . .
. . O . . . . . . . . . . . . O O . . . . . . . .
. . . . . . . . . . . . . O O . O . . . . . . . .
. . . . . . . . . . . . . O O . . . . . . . . . .
. . . . . . . . . . . . . . . . . . . . . . . . .
. . . . . . . . L L . . . . . . . . . . . . . . .
. . . . . . . . . . . . . . . . . . . . . . . . .
. . . . . . . . . . . . . . . . . . . . . . . . .
. . . . . . . . . . . . . . . . . . . . . . . . .
. . . . . . . . . . . . . . . . . . . . . . . . .
. . . . . . . . . . . . . . . . . . . . . . . . .
. . . . . . . . . . . . . . . . . . . . . . . . .

HumanMap-17-15-21
. . . . . . . . . . . . . . . . . . . . . . . . .
. . . . . . . . . . O . . . . . . . . . . . . . .
. . . . . . . . * . O O . . . . . . . . . . . . .
. . . . . . O O * * . . O . . . . . . . . . . . .
. . . . . O O O * * . . O O . . O O . . . . . . .
. . . . . . O O O * . O O O O O O O O . . . . . .
. O O O O O . O O * * O . . O O . . O . . O . . .
. O O O O . . O O O * * . . . . . . . . * * * O .
O O . O . . . . O . . * * * . . . . * * * * . O .
O . O . . . . * * . . . * * * * . . O * . . . . .
O O O * * * * * * * * O . . . * . O O O . . . . .
. . * * * * . . . . . O . . . O * * . . . O . . .
. . O . O O O . . O O . . . . . O O . . . O . . .
. . . . . . . O O . O . . . . O O O O O . . . . .
. . O . . . . . . . . . . . . O O . . . . . . . .
. . . . . . . . . . . . . O O . O . . . . . . . .
. . . . . . . . . . . . . O O . . . . . . . . . .
. . . . . . . . . . . . . . . . . . . . . . . . .
. . . . . . . . L L . . . . . . . . . . . . . . .
. . . . . . . . . . . . . . . . . . . . . . . . .
. . . . . . . . . . . . . . . . . . . . . . . . .
. . . . . . . . . . . . . . . . . . . . . . . . .
. . . . . . . . . . . . . . . . . . . . . . . . .
. . . . . . . . . . . . . . . . . . . . . . . . .
. . . . . . . . . . . . . . . . . . . . . . . . .

HumanMap-17-15-31
. . . . . . . . . . . . . . . . . . . . . . . . .
. . . . . . . . . . O . . . . . . . . . . . . . .
. . . . . . . . * . O O . . . . . . . . . . . . .
. . . . . . O O * * . . O . . . . . . . . . . . .
. . . . . O O O * * . . O O . . O O . . . . . . .
. . . . . . O O O * . O O O O O O O O . . . . . .
. O O O O O . O O * * O . . O O . . O . . O . . .
. O O O O . . O O * * * . . . . . . . . * * * O .
O O . O . . . . O . . * * * . . . . * * * * . O .
O . O . . . . * * . . . * * * * . . O * . . . . .
O O O * * * * * * * * O . . . * . O O O . . . . .
. . * * * * . . . . . O . . . O * * . . . O . . .
. . O . O O O . . O O . . . . . O O . . . O . . .
. . . . . . . O O . O . . . . O O O O O . . . . .
. . O . . . . . . . . . . . . O O . . . . . . . .
. . . . . . . . . . . . . O O . O . . . . . . . .
. . . . . . . . . . . . . O O . . . . . . . . . .
. . . . . . . . . . . . . . . . . . . . . . . . .
. . . . . . . . L L . . . . . . . . . . . . . . .
. . . . . . . . . . . . . . . . . . . . . . . . .
. . . . . . . . . . . . . . . . . . . . . . . . .
. . . . . . . . . . . . . . . . . . . . . . . . .
. . . . . . . . . . . . . . . . . . . . . . . . .
. . . . . . . . . . . . . . . . . . . . . . . . .
. . . . . . . . . . . . . . . . . . . . . . . . .

HumanMap-17-15-38
. . . . . . . . . . . . . . . . . . . . . . . . .
. . . . . . . . . . O . . . . . . . . . . . . . .
. . . . . . . . * . O O . . . . . . . . . . . . .
. . . . . . O O * * . . O . . . . . . . . . . . .
. . . . . O O O * * . . O O . . O O . . . . . . .
. . . . . . O O O * . O O O O O O O O . . . . . .
. O O O O O . O O * * O . . O O . . O . . O . . .
. O O O O . . O O * * * . . . . . . . . * * * O .
O O . O . . . . O . . * * * . . . . * * * * . O .
O . O . . . . * * . . . * * * * . . O * . . . . .
O O O * * * * * * * * O . . . * . O O O . . . . .
. . * * * * . . . . . O . . . O * * . . . O . . .
. . O . O O O . . O O . . . . . O O . . . O . . .
. . . . . . . O O . O . . . . O O O O O . . . . .
. . O . . . . . . . . . . . . O O . . . . . . . .
. . . . . . . . . . . . . O O . O . . . . . . . .
. . . . . . . . . . . . . O O . . . . . . . . . .
. . . . . . . . . . . . . . . . . . . . . . . . .
. . . . . . . . L L . . . . . . . . . . . . . . .
. . . . . . . . . . . . . . . . . . . . . . . . .
. . . . . . . . . . . . . . . . . . . . . . . . .
. . . . . . . . . . . . . . . . . . . . . . . . .
. . . . . . . . . . . . . . . . . . . . . . . . .
. . . . . . . . . . . . . . . . . . . . . . . . .
. . . . . . . . . . . . . . . . . . . . . . . . .

